**2026-09-27 17:32 JST** — 分段 C 完成，02 页第 1 轮收尾。

## 1. 幂等确认（先做的事）

跑 `gen_02_afe.py` 得到 md5 `2edd200d19fc3adc0ca4ba8d5560984f`（209495 字节），连跑两次一致。任务书里的 `d92a9e75…` 是**分段 B 的产物** md5，本段改过页面后自然变化，不是回退。

## 2. 五条任务的落地

**任务 1 · 规格书 §7 NTC ×4**：R216–R219（10k，上拉到 `NTCB`，**不是 3V3**）、C222–C225（1nF，带 `(dnp yes)`，值写「1nF DNP」）。J5.1/3 引出 `NTC_CELL1/2`，`NTC_FET`/`NTC_SHUNT` 到 01 页；网表核实 `NTCB` 恰好 6 个节点（U1.21 + C218 + 四个上拉）。

**任务 2 · §8 通讯与中断**：R220/R221 = 2.2k 上拉 `+3V3`；R222 = **100k 下拉**到 GND（`AFE_ALERT` 沿用 A 段的 `output` 形状，未改，否则会与 05 页 MCU 脚 `pin_to_pin`）；R223 = 10k 上拉 `+3V3`（不是 `AFE_3V3`）；WDT（U1.29）悬空且带 NC 标志。

**任务 3 · §11.3 版面收尾**：标题 `MP2797 采集与保护`（标题栏 `Title:` 一栏）+ 左上角一段说明文字；全页无重叠、无越界（这一条是本次最大的工作量，见下）。

**任务 4 · 全页验收**：见第 3 节。

**任务 5 · 报告**：`design/02_afe-draw-report.md` 新增 §7（位号表 53 件、具名外部件、48 脚结论、自检结果、负例记录、订正清单、§13 逐条打勾、建议），并订正了 §6.4「01/03 仍是空壳」的说明。

## 3. 验收数据

- `check_02_layout.py`：**检查 1–9 全部 PASS**（164 脚逐脚核对、53 件 Footprint/LCSC 全非空）。md5 幂等。
- 根图 ERC：**6 条 `isolated_pin_label`**，逐条列出且全部等 01 页：`DSG_G`、`CHG_G`、`SRP`、`SRN`、`FET_MID`、`PACK+`。分段 B 的 8 条里 `NTC_FET`/`NTC_SHUNT` 已被本段接掉。
- 05 页那四个网络**不再是单脚**：`AFE_ALERT` = R222+U1.28+U6.40，`AFE_WAKE` = R223+U1.30+U6.41，`I2C_SCL` = R220+U1.31+U6.42，`I2C_SDA` = R221+U1.32+U6.43。
- **测试已跑**：`python3 -m unittest discover -s tests` **21/21 OK**；`make -C firmware test` **38/38 checks passed**。
- 出图 PNG 全页 + 600dpi 局部裁图逐块看过。

## 4. 挖出来的两个真问题（都写进知识库了）

1. **合并 span 让重叠检查失明**：旧 8e 比的是「合并后的 runs」，而合并规则是「同行、间隙 ≤1.6mm 就并」——**互相压着的文字间隙是负的，必然被并成一段**，于是 8e 结构性地看不见压字。改用原始 span 后立刻报出 3 类 13 处、A/B 两段一直存在的真缺陷（含 §9 说明压 §6 说明 7.9mm、§10 说明压 §4 表头）。同时发现 pymupdf 的 bbox 含字体上下伸部，判据改为**「纵向重叠 / 较矮 span 高度 > 45%」**（真缺陷 54% vs 假重叠 ≤39%，实测标定）。
2. 顺带订正 4 处既有缺陷：`PAGE_MARGIN` 8.0→10.0（图框实测 10.0–410.0 / 10.0–287.0）、标题栏文字越框到 418.94 需豁免、C220 的 Value 越框（左移到 384.81）、§9 第 4 行压 `AFE_3V3` 标签（改短）。

负例验证都做了并记进报告：把 §9 改回长文本 → 8e 精确报 2 条（54%）；把文字推到 x=370 → 8f 报越框，均无假报。中途一次篡改漏了引号导致 9a/9c 各报 48/52 条，这条「负例只该让目标那条报警，一起炸就是篡改把文件弄坏了」也写进了知识库。

## 5. 建议

- 04/05 页若有「比文字盒」的自检项，建议照本次换成原始 span + 45% 比例阈值。
- 01 页画完后上述 6 条 ERC 应自动归零；若还在，是 01 页标签对不上，**不要**改 02 页迁就。
- `docs/02-BOM.csv` 里 `C226` 那一格仍需主代理确认（本段按纪律未改 docs）。

DONE
