**2026-09-27 17:15 JST**｜分段 B 完成

## 本段（B）交付

新增 **24 个位号**（本页现共 41 实例 / 140 引脚）：

| 块 | 位号 | 内容 |
|---|---|---|
| §4 电芯 RC | R201–R209（33Ω）、C201–C208（100nF，**8 只**）、D201（3V3，阴极→`VC0`） | `CELLn`→`VCn`，电容跨相邻 VC，C0 只挂稳压管；**无任何 `BAL*` 网络** |
| §5 电流采样 | R210/R211（100Ω）、C209（差模）、C210/C211（共模） | `SRP`/`SRN` → `SRP_F`/`SRN_F`，KELVIN 网络类可匹配 |
| §10 J5 | XH-13A 13P / C40669 | 1 `NTC_CELL1` / 2 `GND` / 3 `NTC_CELL2` / 4 `GND` / 5–13 `CELL0`–`CELL8` |

网络类字面核对：`*/VC?` 的 `VC0`–`VC8` 九个名字与 U1.6–14 侧完全同名；`SRP/SRN/SRP_F/SRN_F` 齐备。

## 自检与测试

- `check_02_layout.py` 检查 1–9 **全 PASS**，逐脚核对 **140 项**（U1 48 + 外围 92），exit=0
- **ERC：8 条、Errors 0**（A 段 18 条 → 本段接掉 10 条）。剩余 8 条全是 `isolated_pin_label`，**已逐条列明等谁接**：`NTC_FET`/`NTC_SHUNT` 等 C 段；`SRP`/`SRN`/`FET_MID`/`PACK+`/`DSG_G`/`CHG_G` 等 01 页（已 grep 确认全工程都还没有这几个网络，属立柱待接，非缺陷）
- 生成器幂等：连跑两次 md5 均 `d92a9e7589aff4462ca441d922095520`
- 测试：`python3 -m unittest discover -s tests` → **Ran 21 tests … OK**；`make -C firmware test` → **38/38 checks passed**
- 新检查负例验证三项全部按预期报错（9g 无 `BAL*`、9c 新件、9c D201 极性）

## 两点要请你（主代理）知道

1. **检查器漏检了一个真实重叠**：检查 8d 容差 −0.15mm 且**不检查文字互压**，§4 说明文字与第 0 行字段墨迹重叠 0.1mm 却全 PASS——是**肉眼审渲染 PDF 发现的**，把文字块上移 1.27mm 解决。已写进知识库：几何自检过了仍必须看渲染图，文字行距按墨迹高（2.1–2.9mm）留量。
2. **A 段报告有处错**已订正：D201 的 `C`/`A` 是**引脚名**，引脚号是 `1`/`2`（原写「1=K 2=A」）。另外 `docs/02-BOM.csv` 的 `C219B`→`C226` 一格仍待你同步（本段不许改 docs）。

报告已追加 §6「分段 B 完成情况」（含留给 C 的清单：R216–R219、C222–C225 需进 9d DNP 清单、R220/R221、R222 必须沿用 `output` 形状、R223），知识库 `obsidian-vault/BMS/8S-LFP-200A-BMS 方案.md` 已写回。本段只动 4 个允许的文件，未碰库/BOM/docs/根图，未跑骨架脚本，未用 git。

DONE
