**2026-09-28 12:07 JST**

## 03_balancer 第 2 轮 —— 全部完成

### 三项任务书要求的改动

| 项 | 内容 |
|---|---|
| **P1-1 换料** | D301–D308、D311–D318：`jlc:1N5819WS`(C191023) → **`jlc:BAT54WSL9`(C22629, 值 `BAT54WS`)**，SOD-323 封装不变 |
| **P1-2 换料** | R302–R308：100k(C25741) → **330k(`0402WGF3303TCE`, C25778)**；**R301 保持 100k** |
| **P2-4 可读性** | C30k 位号挪开不再压字；Q311–Q318 字段角度改 `fa=0` 修好文字倒置；标题栏 `v0.3-draw-r2` / `2026-09-28` |

**规则 00 ⓪（换符号查引脚漂移）**：从 `jlc.kicad_sym` 读出 BAT54WSL9 引脚 `1`=(-5.08,0)、`2`=(5.08,0)，与 1N5819WS **逐位相同** → 导线/junction 一根没动，只改 `lib_id`/`value`/`LCSC`。
**K/A 方向**：BAT54WSL9 两脚名都是 `passive`，只能读图形——闭合三角顶点在 x=-1.27（＝脚 1 侧）＝阴极，肖特基钩子也在同侧，与 1N5819WS/SS210 **同一套画法**，死区"慢开快关"方向未变。900 dpi 放大 D301 目视确认：脚 1(DRV1) 落在阴极杠一侧。

### 新增两项自检（都做了负例实测，确认不是空跑）

- **9p 值/库符号/LCSC**（24 件）：表 A 比「图 ↔ §8.1c 决策」，表 B 比「图 ↔ `docs/02-BOM.csv`」（值比较带首 token 回退，避免 `1k 1%` vs `1k` 假报）。
- **9q 二极管 K/A**（16 只）：脚号无极性含义，所以**图形 + §3.2 网表一起判**——(a) 脚 1 必须落在三角顶点侧、阴极杠同侧；(b) `D30k.1=DRVk/2=GNk`、`D31k.1=GPk/2=DRVk`。
- 负例证据：lib_id 换回旧符号→9p 报 1 条；BOM 的 LCSC/值改错→各 7 条；图形改掉顶点→9q 报 32 条；D301 转 180°→报 `K(脚1) 是 'GN1'、A(脚2) 是 'DRV1'；§3.2 要求 K='DRV1'、A='GN1'`。（整库改名是坏负例：网表导出崩、级联 511 条，已弃用。）

### 验收证据

- **幂等**：生成器连跑两次，`hardware/03_balancer.kicad_sch` md5 稳定 = **`8e57b0ecc86f58e3d9b49bf7c53b8c1a`**（第 1 轮 `9caa8c53fcb304c45472574c5d2f5c59`）。
- **本页自检 PASS**：逐脚 274/274、60 个网络方向、Footprint/LCSC 113 件、值/LCSC/符号 24 件、二极管 K/A 16 只、BOM 逐件 113 件。
- **ERC 本页 0 条**（其它页 6 条 `isolated_pin_label` 都在根图页）。
- **与第 1 轮网表对比**（全工程 175 网络 / 212 实例）：**连接差异 0 个、位号增删 0 个**，差异恰好 **23 件**的值/LCSC/符号（D 16 只 + R 7 只）——完全符合任务书"除换料外 0 连接差异"。
- **PDF 目视**：字段全部正立（`span['dir']==(1.0,0.0)`），C301 (114.26,244.16)、Q311 (156.14,246.70) 不压本体。

### 测试（已跑完，通知你）

- `python3 -m unittest discover -s tests` → **Ran 22 tests … OK**
- `make -C firmware test` → **38/38 checks passed**（收敛 39 步、最终压差 10 mV）

### 落盘

- 报告新增 **§9 第 2 轮变更**（`design/03_balancer-draw-report.md`，492 行）。
- 知识库写回：`KiCad 原理图自检要点.md` 新增「rot 180 字段用 `fa=0`（`GetDrawRotation()` 只在 `y1!=0` 时换轴；rot 180 会取反水平对齐 → 用 `justify center`）」与「换符号先比引脚坐标再看图形定极性（三家二极管顶点＝脚 1＝阴极）」两条；`LFP 均衡要点.md` 追加第 2 轮换料与验收结论。
- 负例用的 `/tmp/neg` 临时树已删除；改动范围仅限 `hardware/03_balancer.kicad_sch`、两个 gen 脚本、报告、知识库，未动库/BOM/根图/其它子页，未提交 git。

DONE
