时间戳：2026-09-26 15:23 UTC。04_power_supply 第 6 轮画图完成，全部自检通过。

## 根因与修法

先读了新符号 `TCC1206X7R105K101HT` 在 `jlc.kicad_sym` 里的引脚定义：pin1 `(at 0 -5.08 90)`、pin2 `(at 0 5.08 270)`——**竖向符号**；旧符号 `CL31B105KCHNNNE` 是 pin1 `(-5.08,0)`、pin2 `(+5.08,0)`——**横向符号**。

脚本 `parse_pins`/`pin_world` 本就从库读引脚坐标，**没有按旧符号硬编码的引脚偏移**；唯一隐含旧几何的是「竖放」所需的旋转角：旧符号 rot 90 才是世界竖向，新符号 rot 0 即世界竖向。第 6 轮开工前 C42/C44 残留 rot 90，两脚都落到 y=109.22 水平线（pin2 左、pin1 右），于是 VIN_F 导线穿 C42.1、C42.2 处无 junction T 接。

**修法**：`COMPONENTS` 表 C42/C44 的 rot 90→0。引脚世界坐标与第 5 轮完全一致（pin2 上=104.14、pin1 下=114.30），导线/junction/GND 标签一律未动。`title_block.rev → v0.3-draw-r6`。

## 自检结果（第 3/4/5 轮全部重跑）

| # | 检查 | 结果 |
|---|---|---|
| 1 | `check_04_layout.py` 几何 1/2/3 | ✅ **PASS，0 条**（导线 26 / junction 4 / 实例 13 / 引脚 30） |
| 2 | ERC `--severity-all` | ✅ `/辅助电源/` 页 **0 条**；全图仅根图 1 条 `isolated_pin_label BAT+`（01 页未画，预期） |
| 3 | `sch_conn.py` | ✅ **P0=0**；P1=2 均为 BAT+ 单脚（跨页预期）；同网多名 0 / 死头 0 / 孤立引脚 0 / 名字消失 0 |
| 4 | 网表「位号.脚→网络」 | ✅ 与第 5 轮逐网一致；C42.2/C44.2∈VIN_F、C42.1/C44.1∈GND；**C42/C44 LCSC=C282823、Footprint=jlc:C1206** |
| 5 | 文字重叠（pymupdf 199 span，容差 0.2mm） | ⚠ 仅 2 处，均为**已记录符号级 quirk**：D7 K/A、C45 1/2，无新增 |
| 6 | PDF 目视 | ✅ C45/C42/C44 三颗输入陶瓷竖排、VIN_F 轨在上 / GND 标签在下、无导线穿本体 |
| 7 | 幂等 | ✅ 跑两次 md5 相同（`81c8c50bdd368d6fb62307da96c26d3a`） |

网表全表与第 5 轮完全一致：BAT+{F11.1}、VIN_R{F11.2,R42.1}、VIN_F{R42.2,C40.1,C45.2,C42.2,C44.2,U4.5}、CB_3V3{U4.1,C41.1}、SW_3V3{U4.6,C41.2,D7.1,L1.1}、+3V3{L1.2,C43.2,R40.1}、FB_3V3{U4.3,R40.2,R41.1}、GND{U4.2,C40.2,C45.1,C42.1,C44.1,C43.1,D7.2,R41.2}、unconnected-(U4-SHDN-Pad4)。

## 备份说明

本会话 `/tmp` **可写**（ERC 成功写到 `/tmp`）；改动前 git HEAD（`8192fde`）已含上一版（新符号但 rot=90 的版面错误状态），第 5 轮定稿另由提交 `18f6f01` + 冻结快照 `review/04-r5/` 双重保留。本次只改 C42/C44 的 rot 两个数字，改前状态可直接从 git 还原，未另做文件备份。

## 交付物（未提交，待主代理定夺）

- `hardware/gen/gen_04_power_supply.py`（C42/C44 rot 90→0 + 头部「第 6 轮变更」注释 + rev r6）
- `hardware/04_power_supply.kicad_sch`（重新生成）
- `design/04_power_supply-draw-report.md`（开头「第 6 轮变更」+ 自检结果，第 5 轮移入附）
- `obsidian-vault/BMS/8S-LFP-200A-BMS 方案.md`（写回「换符号=引脚几何变、竖放 rot 取决于符号内部朝向」教训）

DONE
