`2026-09-27 13:02:24 JST` — 第 2 轮画图已完成，验收全部重跑通过，报告已更新。

**脚本与产物同步（任务书 §0）**
- 重跑 `gen_05_mcu_comm.py`：产物 md5 `61b5aba59189b24463741d270b088539`（164185 B），跑两次一致（幂等 ✅）。
- 第 1 轮冻结文件实测 md5 `ee2841cbe1d97c2531a0e64cea2090fa`（159251 B）——与任务书里写的 `6cfdbb…` 不符，以冻结文件实测为准；两者差异 = 本轮全部改动，脚本为准。

**本轮改动（6 项全落地）**
- P1-1：R55 120Ω 串 JP1（PZ254V-11-02P，C492401），新增网络 `CAN_TERM`：CAN_H→R55→CAN_TERM→JP1→CAN_L；说明文字改「JP1 插帽接入 120Ω 终端，拔帽不用」。
- P1-3a/b/c：BOOT0 标签挪开不压线；Y1 引脚名隐藏（不再「GNDOSC2」粘连）；LED1–3 引脚名隐藏 + 值文字挪到本体外。
- P2：「12MHz」靠近 Y1；CAN_RXD 标签下拉 1 格与 +3V3 拉开（程序实测间隔 2.5mm）；「二选一」去重（剩 1 处）；加「I2C 上拉 R_I2C1/2 在 02 页」；L2 Value 去「(DNP)」。

**验收（6 项全过）**
- `check_05_layout.py` PASS 全部 6 项（导线 113 / junction 7 / 实例 33 / 引脚 131）。
- ERC：05 页 0 条；全图 5 条 `isolated_pin_label` 均跨页预期（BAT+/I2C_SCL/I2C_SDA/AFE_ALERT/AFE_WAKE）。
- 网表：46 器件 Footprint/LCSC 全非空；JP1 存在；`CAN_TERM`={JP1.1,R55.1}；R55 不再跨接 CAN_H/CAN_L。
- `sch_conn.py`：P0=0、同网多名=0、死头=0、孤立引脚=0、网表找不到=0。
- PDF→PNG 200dpi 目视：分区清晰、无穿本体/压线。幂等 ✅。

**网表差异（R1 vs R2，写进报告）**
- 拓扑变更仅 2 处（预期）：新增 `CAN_TERM`；`CAN_L` 去掉 R55.1、加入 JP1.2；`CAN_H` 不变。
- 3 个 LED 阴极短桩网络**纯改名**（`Net-(LED1--)`→`Net-(LED1-Pad1)` 等）：引脚名隐藏后 KiCad 按焊盘号自动命名，节点集合/连接关系一字未变，非电气差异。
- 器件值无变化。

报告 `design/05_mcu_comm-draw-report.md` 开头已加「第 2 轮变更 + 自检结果 + 网表差异」，§0 概览与 §5.1 quirk 记录已同步更新。

DONE
